// Jest Snapshot v1, https://goo.gl/fbAQLP

exports[`Home matches the snapshot 1`] = `
<div>
  <div
    class="MuiGrid-root MuiGrid-container MuiGrid-direction-xs-column css-2730jv-MuiGrid-root"
  >
    <div>
      Search Component
    </div>
    <div>
      SearchResult Component
    </div>
  </div>
</div>
`;
